[sacheefragrances.com/index.html]
[backblue.gif]
[fade.gif]
[index.html]
[maxcdn.bootstrapcdn.com/bootstrap/3.3.5/css/bootstrap.min.css]
[sacheefragrances.com/wp-content/plugins/easy-social-icons/css/font-awesome/css/font-awesome.min4906.css]
[sacheefragrances.com/feed/index.html]
[sacheefragrances.com/wp-content/plugins/easy-social-icons/css/cnss5152.css]
[sacheefragrances.com/comments/feed/index.html]
[sacheefragrances.com/home/feed/index.html]
[sacheefragrances.com/wp-content/themes/sacheefragranees/genericons/genericons5b75.css]
[sacheefragrances.com/wp-content/themes/sacheefragranees/style4f4a.css]
[sacheefragrances.com/wp-content/plugins/easy-fancybox/fancybox/jquery.fancybox-1.3.8.min82fc.css]
[sacheefragrances.com/wp-includes/js/jquery/jqueryb8ff.js]
[sacheefragrances.com/wp-content/plugins/easy-social-icons/js/cnss5152.js]
[sacheefragrances.com/wp-content/plugins/onclick-popup/onclick-popup4f4a.js]
[sacheefragrances.com/xmlrpc0db0.php]
[sacheefragrances.com/wp-includes/wlwmanifest.xml]
[sacheefragrances.com/wp-json/index.html]
[sacheefragrances.com/wp-json/oembed/1.0/embedb2ce.json]
[sacheefragrances.com/wp-json/oembed/1.0/embedc09c]
[sacheefragrances.com/wp-content/uploads/2017/04/cropped-logo-32x32.jpg]
[sacheefragrances.com/wp-content/uploads/2017/04/cropped-logo-192x192.jpg]
[sacheefragrances.com/wp-content/uploads/2017/04/cropped-logo-180x180.jpg]
[sacheefragrances.com/wp-content/themes/sacheefragranees/js/jquery.mCustomScrollbar.css]
[ajax.googleapis.com/ajax/libs/jquery/1.11.3/jquery.min.js]
[maxcdn.bootstrapcdn.com/bootstrap/3.3.5/js/bootstrap.min.js]
[sacheefragrances.com/wp-content/uploads/2016/01/2.png]
[sacheefragrances.com/about-us/index.html]
[sacheefragrances.com/about-us/management/index.html]
[sacheefragrances.com/about-us/history/index.html]
[sacheefragrances.com/wp-content/uploads/2016/01/3.png]
[sacheefragrances.com/essential-oils/index.html]
[sacheefragrances.com/flavors/index.html]
[sacheefragrances.com/contact-us/enquiry/index.html]
[sacheefragrances.com/contact-us/index.html]
[sacheefragrances.com/wp-content/uploads/2016/01/4.png]
[sacheefragrances.com/contact-us/career/index.html]
[sacheefragrances.com/wp-content/uploads/2016/01/5.png]
[sacheefragrances.com/wp-content/uploads/2016/01/6.png]
[sacheefragrances.com/wp-content/uploads/2016/01/7.png]
[sacheefragrances.com/wp-content/uploads/2016/01/8.png]
[sacheefragrances.com/wp-content/uploads/2016/01/9.png]
[sacheefragrances.com/wp-content/uploads/2016/01/10.png]
[sacheefragrances.com/wp-content/uploads/2016/01/11.png]
[sacheefragrances.com/wp-content/uploads/2016/01/12.png]
[sacheefragrances.com/wp-content/uploads/2016/03/frang.jpg]
[sacheefragrances.com/wp-content/uploads/2016/03/flavours.jpg]
[sacheefragrances.com/wp-content/uploads/2016/03/essential.jpg]
[sacheefragrances.com/wp-content/uploads/1409036298_fb.png]
[sacheefragrances.com/wp-content/uploads/1409036312_twit.png]
[sacheefragrances.com/wp-content/uploads/1409036317_in.png]
[sacheefragrances.com/wp-content/uploads/1409036322_yt.png]
[sacheefragrances.com/wp-includes/js/jquery/ui/core.mine899.js]
[sacheefragrances.com/wp-includes/js/jquery/ui/widget.mine899.js]
[sacheefragrances.com/wp-includes/js/jquery/ui/mouse.mine899.js]
[sacheefragrances.com/wp-includes/js/jquery/ui/sortable.mine899.js]
[sacheefragrances.com/wp-content/plugins/contact-form-7/includes/js/jquery.form.mind03d.js]
[sacheefragrances.com/wp-content/plugins/contact-form-7/includes/js/scripts4906.js]
[sacheefragrances.com/wp-content/plugins/bootstrap-for-contact-form-7/assets/dist/js/scripts.min1159.js]
[sacheefragrances.com/wp-includes/js/comment-reply.min4f4a.js]
[sacheefragrances.com/wp-content/themes/sacheefragranees/js/functions652b.js]
[sacheefragrances.com/wp-includes/js/wp-embed.min4f4a.js]
[sacheefragrances.com/wp-content/plugins/easy-fancybox/fancybox/jquery.fancybox-1.3.8.min82fc.js]
[sacheefragrances.com/wp-content/plugins/easy-fancybox/js/jquery.easing.min9e1e.js]
[sacheefragrances.com/wp-content/themes/sacheefragranees/js/jquery.mCustomScrollbar.concat.min.js]
[sacheefragrances.com/index.html]
[maxcdn.bootstrapcdn.com/bootstrap/3.3.5/css/bootstrap.min.css]
[sacheefragrances.com/xmlrpc.php]
[sacheefragrances.com/wp-content/plugins/easy-social-icons/css/font-awesome/fonts/fontawesome-webfont3e6e.eot]
[sacheefragrances.com/wp-content/plugins/easy-social-icons/css/font-awesome/fonts/fontawesome-webfont3e6e.woff2]
[sacheefragrances.com/wp-content/plugins/easy-social-icons/css/font-awesome/fonts/fontawesome-webfont3e6e.ttf]
[sacheefragrances.com/wp-content/plugins/easy-social-icons/css/font-awesome/css/font-awesome.min4906.css]
[sacheefragrances.com/wp-content/plugins/easy-social-icons/css/cnss5152.css]
[sacheefragrances.com/wp-content/themes/sacheefragranees/genericons/font/genericons-regular-webfont.ttf]
[sacheefragrances.com/wp-content/themes/sacheefragranees/genericons/genericons5b75.css]
[sacheefragrances.com/wp-content/themes/sacheefragranees/OPTIMA_B.TTF]
[sacheefragrances.com/wp-content/themes/sacheefragranees/images/bg-search.png]
[sacheefragrances.com/wp-content/themes/sacheefragranees/images/pattern-dark.svg]
[sacheefragrances.com/wp-content/themes/sacheefragranees/images/img-thing.jpg]
[sacheefragrances.com/wp-content/themes/sacheefragranees/style4f4a.css]
[sacheefragrances.com/wp-content/plugins/easy-fancybox/fancybox/fancybox-x.png]
[sacheefragrances.com/wp-content/plugins/easy-fancybox/fancybox/jquery.fancybox-1.3.8.min82fc.css]
[sacheefragrances.com/wp-includes/js/jquery/jquery-migrate.min330a.js]
[sacheefragrances.com/wp-content/themes/sacheefragranees/js/mCSB_buttons.png]
[sacheefragrances.com/wp-content/themes/sacheefragranees/js/jquery.mCustomScrollbar.css]
[sacheefragrances.com/wp-content/uploads/2017/04/logo.jpg]
[sacheefragrances.com/wp-json/oembed/1.0/embed0371.json]
[sacheefragrances.com/about-us/feed/index.html]
[sacheefragrances.com/wp-json/oembed/1.0/embed0bf8]
[sacheefragrances.com/wp-content/uploads/2014/08/bg_abt-1038x512.jpg]
[sacheefragrances.com/about-us/index.html]
[sacheefragrances.com/wp-json/oembed/1.0/embed1dcd.json]
[sacheefragrances.com/about-us/management/feed/index.html]
[sacheefragrances.com/wp-json/oembed/1.0/embed87b9]
[sacheefragrances.com/wp-content/uploads/2014/08/Photo-2.png]
[sacheefragrances.com/wp-content/uploads/2014/08/Photo-2-150x150.png]
[sacheefragrances.com/wp-content/uploads/2014/09/Photo-1.jpg]
[sacheefragrances.com/wp-content/uploads/2014/09/Photo-1-150x150.jpg]
[sacheefragrances.com/about-us/management/index.html]
[sacheefragrances.com/wp-json/oembed/1.0/embed1a8c.json]
[sacheefragrances.com/about-us/history/feed/index.html]
[sacheefragrances.com/wp-json/oembed/1.0/embed0f6a]
[sacheefragrances.com/about-us/history/index.html]
[sacheefragrances.com/fragrances/index.html]
[sacheefragrances.com/about-us/company-brief/index.html]
[sacheefragrances.com/wp-json/oembed/1.0/embed89bd.json]
[sacheefragrances.com/flavors/feed/index.html]
[sacheefragrances.com/wp-json/oembed/1.0/embed83d0]
[sacheefragrances.com/wp-content/uploads/2014/08/bg-flav-1038x512.jpg]
[sacheefragrances.com/wp-content/uploads/2014/08/12.png]
[sacheefragrances.com/wp-content/uploads/2014/08/12-150x150.png]
[sacheefragrances.com/wp-content/uploads/2014/08/21.png]
[sacheefragrances.com/wp-content/uploads/2014/08/Fruit-and-yogurt.jpg]
[sacheefragrances.com/wp-content/uploads/2014/08/sparkling-sips-150x150.jpg]
[sacheefragrances.com/wp-content/uploads/2014/08/shutterstock_93571720-Large.jpg]
[sacheefragrances.com/wp-content/uploads/2014/08/shutterstock_93571720-Large-150x150.jpg]
[sacheefragrances.com/wp-content/uploads/2014/08/shutterstock_95157760.jpg]
[sacheefragrances.com/wp-content/uploads/2014/08/shutterstock_95157760-150x150.jpg]
[sacheefragrances.com/wp-content/uploads/2014/08/Snus_tobacco.jpg]
[sacheefragrances.com/wp-content/uploads/2014/08/Snus_tobacco-150x150.jpg]
[sacheefragrances.com/wp-content/uploads/2014/08/flowers_sweets_02-150x150.jpg]
[sacheefragrances.com/flavors/index.html]
[sacheefragrances.com/essential-oils/feed/index.html]
[sacheefragrances.com/wp-json/oembed/1.0/embed4730]
[sacheefragrances.com/wp-content/uploads/2014/08/bg_nat-1038x512.jpg]
[sacheefragrances.com/wp-content/uploads/2014/08/n.png]
[sacheefragrances.com/wp-content/uploads/2014/08/11.png]
[sacheefragrances.com/essential-oils/index.html]
[sacheefragrances.com/wp-json/oembed/1.0/embed065f.json]
[sacheefragrances.com/contact-us/feed/index.html]
[sacheefragrances.com/wp-json/oembed/1.0/embed83c5]
[sacheefragrances.com/wp-content/uploads/2014/08/bg-sachee2-1038x512.jpg]
[sacheefragrances.com/contact-us/index.html]
[sacheefragrances.com/contact-us/enquiry/feed/index.html]
[sacheefragrances.com/wp-json/oembed/1.0/embed5bcf]
[www.google.com/recaptcha/apiae20.js]
[sacheefragrances.com/contact-us/enquiry/index.html]
[sacheefragrances.com/wp-json/oembed/1.0/embed52ab.json]
[sacheefragrances.com/wp-json/oembed/1.0/embede391]
[sacheefragrances.com/contact-us/career/index.html]
[sacheefragrances.com/wp-content/uploads/2016/01/1.png]
[sacheefragrances.com/wp-content/plugins/easy-social-icons/css/font-awesome/fonts/fontawesome-webfontd41d.eot]
[sacheefragrances.com/wp-content/plugins/easy-social-icons/css/font-awesome/fonts/fontawesome-webfont3e6e.svg]
[sacheefragrances.com/wp-content/plugins/easy-social-icons/css/font-awesome/fonts/fontawesome-webfont3e6e.woff]
[sacheefragrances.com/wp-content/themes/sacheefragranees/genericons/font/genericons-regular-webfont.svg]
[sacheefragrances.com/wp-content/themes/sacheefragranees/images/bg-search.html]
[sacheefragrances.com/wp-content/themes/sacheefragranees/images/pattern-dark.html]
[sacheefragrances.com/wp-content/plugins/easy-fancybox/fancybox/fancybox.png]
[sacheefragrances.com/wp-content/themes/sacheefragranees/js/mCSB_buttons.html]
[sacheefragrances.com/index905b.html]
[sacheefragrances.com/index42dc.html]
[sacheefragrances.com/index2df4.html]
[sacheefragrances.com/about-us/company-brief/feed/index.html]
[sacheefragrances.com/wp-json/oembed/1.0/embed2362.json]
[sacheefragrances.com/wp-json/oembed/1.0/embedd6f5]
[sacheefragrances.com/about-us/company-brief/index.html]
[sacheefragrances.com/infrastructure/index.html]
[sacheefragrances.com/wp-json/oembed/1.0/embed9e9b.json]
[sacheefragrances.com/fragrances/feed/index.html]
[sacheefragrances.com/wp-json/oembed/1.0/embedfb4e]
[sacheefragrances.com/wp-content/uploads/2014/08/bg-frag-1038x512.jpg]
[sacheefragrances.com/wp-content/uploads/2014/08/1.png]
[sacheefragrances.com/wp-content/uploads/2014/08/1-150x150.png]
[sacheefragrances.com/wp-content/uploads/2014/08/3.png]
[sacheefragrances.com/wp-content/uploads/2014/08/3-150x150.png]
[sacheefragrances.com/wp-content/uploads/2014/08/4.png]
[sacheefragrances.com/wp-content/uploads/2014/08/5-150x150.png]
[sacheefragrances.com/wp-content/uploads/2014/08/6.png]
[sacheefragrances.com/wp-content/uploads/2014/08/7.png]
[sacheefragrances.com/wp-content/uploads/2014/08/8.png]
[sacheefragrances.com/wp-content/uploads/2014/08/9.png]
[sacheefragrances.com/fragrances/index.html]
[sacheefragrances.com/index0e62.html]
[sacheefragrances.com/wp-content/uploads/2014/08/21-150x150.png]
[sacheefragrances.com/wp-content/uploads/2014/08/Fruit-and-yogurt-150x150.jpg]
[sacheefragrances.com/wp-content/uploads/2014/08/sparkling-sips.jpg]
[sacheefragrances.com/indexd8eb.html]
[sacheefragrances.com/essential-oils/index86fa.html]
[sacheefragrances.com/index0345.html]
[sacheefragrances.com/wp-json/oembed/1.0/embed74a5]
[sacheefragrances.com/wp-content/uploads/2014/08/YouTube-logo-full_color.html]
[sacheefragrances.com/index40a0.html]
[sacheefragrances.com/index88b9.html]
[sacheefragrances.com/indexb5fb.html]
[sacheefragrances.com/wp-content/themes/sacheefragranees/genericons/font/genericons-regular-webfont.eot]
[sacheefragrances.com/contact-us/career/feed/index.html]
[sacheefragrances.com/wp-json/oembed/1.0/embed11f6.json]
[sacheefragrances.com/infrastructure/feed/index.html]
[sacheefragrances.com/wp-json/oembed/1.0/embedde5a]
[sacheefragrances.com/wp-content/uploads/2014/08/bg_infra-1038x512.jpg]
[sacheefragrances.com/wp-content/uploads/2014/08/photo.png]
[sacheefragrances.com/wp-content/uploads/2014/08/photo-150x105.png]
[sacheefragrances.com/wp-content/uploads/2014/08/121-129x150.jpg]
[sacheefragrances.com/wp-content/uploads/2014/08/131.jpg]
[sacheefragrances.com/wp-content/uploads/2014/08/131-150x106.jpg]
[sacheefragrances.com/wp-content/uploads/2014/08/13N9557a1-150x87.jpg]
[sacheefragrances.com/infrastructure/index.html]
[sacheefragrances.com/index0b69.html]
[sacheefragrances.com/wp-content/uploads/2014/08/2.png]
[sacheefragrances.com/wp-content/uploads/2014/08/2-150x150.png]
[sacheefragrances.com/wp-content/uploads/2014/08/5.png]
[sacheefragrances.com/wp-content/uploads/2014/08/7-150x150.png]
[sacheefragrances.com/wp-content/uploads/2014/08/9-150x150.png]
[sacheefragrances.com/wp-content/uploads/2014/08/flowers_sweets_02.jpg]
[sacheefragrances.com/wp-json/oembed/1.0/embed250f]
[sacheefragrances.com/index678b.html]
[sacheefragrances.com/wp-content/uploads/2014/08/121.jpg]
[sacheefragrances.com/wp-content/uploads/2014/08/13N9557a1.jpg]
[sacheefragrances.com/wp-content/uploads/2014/08/4-150x150.png]
[sacheefragrances.com/wp-content/uploads/2014/08/6-150x150.png]
[sacheefragrances.com/wp-content/uploads/2014/08/flowers_sweets_021.jpg]
[sacheefragrances.com/wp-content/uploads/2014/08/8-150x150.png]
[sacheefragrances.com/sachee-naturals/index.html]
