[backblue.gif]
[fade.gif]
[index.html]
[www.wicabindia.com/images/wicab1.jpg]
[www.wicabindia.com/images/logo.jpg]
[www.wicabindia.com/images/products.jpg]
[www.wicabindia.com/images/tp.gif]
[www.wicabindia.com/images/bull.jpg]
[www.wicabindia.com/images/image.swf]
[www.wicabindia.com/index.html]
[www.wicabindia.com/images/email.jpg]
[www.wicabindia.com/images/zero.gif]
[www.wicabindia.com/images/products2.jpg]
[www.wicabindia.com/images/bull2.jpg]
[www.wicabindia.com/images/products3.jpg]
[www.wicabindia.com/aboutus.html]
[www.wicabindia.com/services.html]
[www.wicabindia.com/quality.html]
[www.wicabindia.com/images/arrow.gif]
[www.wicabindia.com/contactus.html]
[www.wicabindia.com/query.html]
[www.wicabindia.com/index-2.html]
[www.wicabindia.com/images/bullet_1.gif]
[www.wicabindia.com/barewireprod.html]
[www.wicabindia.com/images/windiangwires.jpg]
[www.wicabindia.com/pbn-pbw.html]
[www.wicabindia.com/epb-epm.html]
[www.wicabindia.com/tfp-tfw.html]
[www.wicabindia.com/msp-140.html]
[www.wicabindia.com/msp-320.html]
[www.wicabindia.com/pvc-multicore-flat.html]
[www.wicabindia.com/images/downwell.jpg]
[www.wicabindia.com/downwellflexible.html]
